exports["@hydrofoil/talos/lib/command/put --resources api http://example.com turtle replaces entire graph by default"] = "<http://example.com/project> <http://schema.org/parentItem> <http://example.com> .\n<http://example.com/project> <http://www.w3.org/1999/02/22-rdf-syntax-ns#type> <http://schema.org/Thing> .\n<http://example.com/project> <http://www.w3.org/ns/hydra/core#apiDocumentation> <http://example.com/api> .\n";

exports["@hydrofoil/talos/lib/command/put --resources api http://example.com turtle merge existing graph when annotated"] = "<http://example.com/project/creta/user.group/admins> <http://www.w3.org/1999/02/22-rdf-syntax-ns#type> <http://www.w3.org/2006/vcard/ns#Group> .\n<http://example.com/project/creta/user.group/admins> <http://www.w3.org/2006/vcard/ns#hasMember> <http://example.com/project/creta/user/tpluscode> .\n<http://example.com/project/creta/user.group/admins> <http://www.w3.org/2006/vcard/ns#n> \"Administrators\" .\n<http://example.com/project/creta/user.group/admins> <http://www.w3.org/ns/hydra/core#apiDocumentation> <http://example.com/api> .\n";

exports["@hydrofoil/talos/lib/command/put --resources api http://example.com/base turtle replaces entire graph by default"] = "<http://example.com/base/project> <http://schema.org/parentItem> <http://example.com/base> .\n<http://example.com/base/project> <http://www.w3.org/1999/02/22-rdf-syntax-ns#type> <http://schema.org/Thing> .\n<http://example.com/base/project> <http://www.w3.org/ns/hydra/core#apiDocumentation> <http://example.com/base/api> .\n";

exports["@hydrofoil/talos/lib/command/put --resources api http://example.com/base turtle merge existing graph when annotated"] = "<http://example.com/base/project/creta/user.group/admins> <http://www.w3.org/1999/02/22-rdf-syntax-ns#type> <http://www.w3.org/2006/vcard/ns#Group> .\n<http://example.com/base/project/creta/user.group/admins> <http://www.w3.org/2006/vcard/ns#hasMember> <http://example.com/base/project/creta/user/tpluscode> .\n<http://example.com/base/project/creta/user.group/admins> <http://www.w3.org/2006/vcard/ns#n> \"Administrators\" .\n<http://example.com/base/project/creta/user.group/admins> <http://www.w3.org/ns/hydra/core#apiDocumentation> <http://example.com/base/api> .\n";

