exports["middleware/resource returns pointer to empty named node if the request term does not appear in body"] = "<http://example.com/foo/bar> <http://www.w3.org/1999/02/22-rdf-syntax-ns#type> <https://cube-creator.zazuko.com/vocab#CubeProject> .\n<http://example.com/foo/bar> <http://www.w3.org/2000/01/rdf-schema#label> \"Test project\" .\n";

exports["middleware/resource returns pointer to req.hydra.term if it appears in the body"] = "<http://example.com/foo/bar> <http://www.w3.org/1999/02/22-rdf-syntax-ns#type> <https://cube-creator.zazuko.com/vocab#CubeProject> .\n<http://example.com/foo/bar> <http://www.w3.org/2000/01/rdf-schema#label> \"Test project\" .\n";

exports["middleware/resource replaces empty term in body with req.hydra.term"] = "<http://example.com/foo/bar> <http://www.w3.org/1999/02/22-rdf-syntax-ns#type> <https://cube-creator.zazuko.com/vocab#CubeProject> .\n<http://example.com/foo/bar> <http://www.w3.org/2000/01/rdf-schema#label> \"Test project\" .\n";

